{"app":{"url":"http://app.wieldo","test":123},"api":{"url":"http://api.wieldo","credentials":{"username":"app","password":"N&F3BUAlPrhLi9@BRmqg"}},"sync":{"output":"front/vendor/sync-version/sync-version.js"}}